  if P is not perfect
  then find next w(x,y)
  else if Index(P,&lang;sgens&rang;) does not complete or Index(P,&lang;sgens&rang;) &ne; n
  then find next w(x,y)
  else if Index(P,&lang;y&rang;) does not complete or Index(P,&lang;y&rang;) &ne; Size(G)/p
  then find next w(x,y)
  else a suitable w(x,y) has been found.
gap> F := FreeGroup("x","y");;
gap> x := F.1;; y := F.2;;
gap> p := 5;
5
gap> nexpts := p-1;
4
gap> expts := Concatenation([1 .. Int(p/2)], 
> [-Int(p/2) .. -1]);
[ 1, 2, -2, -1 ]
gap> sylls := List(expts, i -> x*y^i);
[ x*y, x*y^2, x*y^-2, x*y^-1 ]
gap> cLength := 6;
6
gap> c := ListWithIdenticalEntries(cLength, expts[1]);
[ 1, 1, 1, 1, 1, 1 ]
gap> word := vec -> Product(vec, veci -> x*y^expts[veci], One(x));
function( vec ) ... end
gap> word(c);
x*y*x*y*x*y*x*y*x*y*x*y
gap> getNext := function(vec)
> local i;
>    i := 1;
>    while i <= cLength and vec[i] mod p = p-1 do
>       vec[i] := 1;
>       i := i + 1;
>    od;
>    if i <= cLength then
>       vec[i] := vec[i] + 1;
>    else
>       vec := fail;
>    fi;
> end;
function( vec ) ... end
gap> printVecWord := function(vec, num)
> local i;
>    Print(vec, "  ", word(vec), "\n");
>    i := 1;;
>    while i < num and vec <> fail do
>    i := i + 1;
>    getNext(vec);
>    Print(vec, "  ", word(vec), "\n");
>    od;
> end;
function( vec, num ) ... end
gap> printVecWord( [1,1,1,1,1,1], 20);
[ 1, 1, 1, 1, 1, 1 ]  x*y*x*y*x*y*x*y*x*y*x*y
[ 2, 1, 1, 1, 1, 1 ]  x*y^2*x*y*x*y*x*y*x*y*x*y
[ 3, 1, 1, 1, 1, 1 ]  x*y^-2*x*y*x*y*x*y*x*y*x*y
[ 4, 1, 1, 1, 1, 1 ]  x*y^-1*x*y*x*y*x*y*x*y*x*y
[ 1, 2, 1, 1, 1, 1 ]  x*y*x*y^2*x*y*x*y*x*y*x*y
[ 2, 2, 1, 1, 1, 1 ]  x*y^2*x*y^2*x*y*x*y*x*y*x*y
[ 3, 2, 1, 1, 1, 1 ]  x*y^-2*x*y^2*x*y*x*y*x*y*x*y
[ 4, 2, 1, 1, 1, 1 ]  x*y^-1*x*y^2*x*y*x*y*x*y*x*y
[ 1, 3, 1, 1, 1, 1 ]  x*y*x*y^-2*x*y*x*y*x*y*x*y
[ 2, 3, 1, 1, 1, 1 ]  x*y^2*x*y^-2*x*y*x*y*x*y*x*y
[ 3, 3, 1, 1, 1, 1 ]  x*y^-2*x*y^-2*x*y*x*y*x*y*x*y
[ 4, 3, 1, 1, 1, 1 ]  x*y^-1*x*y^-2*x*y*x*y*x*y*x*y
[ 1, 4, 1, 1, 1, 1 ]  x*y*x*y^-1*x*y*x*y*x*y*x*y
[ 2, 4, 1, 1, 1, 1 ]  x*y^2*x*y^-1*x*y*x*y*x*y*x*y
[ 3, 4, 1, 1, 1, 1 ]  x*y^-2*x*y^-1*x*y*x*y*x*y*x*y
[ 4, 4, 1, 1, 1, 1 ]  x*y^-1*x*y^-1*x*y*x*y*x*y*x*y
[ 1, 1, 2, 1, 1, 1 ]  x*y*x*y*x*y^2*x*y*x*y*x*y
[ 2, 1, 2, 1, 1, 1 ]  x*y^2*x*y*x*y^2*x*y*x*y*x*y
[ 3, 1, 2, 1, 1, 1 ]  x*y^-2*x*y*x*y^2*x*y*x*y*x*y
[ 4, 1, 2, 1, 1, 1 ]  x*y^-1*x*y*x*y^2*x*y*x*y*x*y
gap> LoadPackage("ace");
true
gap> SetInfoLevel(InfoACE,0);
gap> ReadPackage("ace","res-examples/pgrelfind.g");
true
gap> SetInfoLevel(InfoACE,1);
gap> f:= FreeGroup("x","y");;
gap> x:= f.1;; y:= f.2;;
gap> rels:=[ x^2, y^3,
> y^(-1)*x*y^(-1)*x*y^(-1)*x*y^(-1)*x*y^(-1)*x*y^(-1)*x*y^(-1)*x,
> x*y^(-1)*x*y*x*y^(-1)*x*y*x*y^(-1)*x*y*x*y^(-1)*x*y*x*y*x*
> y^(-1)*x*y*x*y^(-1)*x*y*x*y^(-1)*x*y*x*y^(-1)*x*y*x*y ];;
gap> G:=f/rels;
<fp group on the generators [ x, y ]>
gap> Size(G);
504
gap> l:=LowIndexSubgroupsFpGroup( G, TrivialSubgroup( G),10);
[ Group(<fp, no generators known>), Group(<fp, no generators known>) ]
gap> sgens:=GeneratorsOfGroup(l[2]);
[ x, y*x*y*x*y*x^-1*y^-1 ]
gap> sgens:=List(sgens,UnderlyingElement);
[ x, y*x*y*x*y*x^-1*y^-1 ]
gap> fgens := [ x, y ];
[ x, y ]
gap> PGRelFind(fgens, rels, sgens );
GroupOrder=504 SubgroupIndex=9
#bisyllables in head = 3 head: x*y*x*y*x*y^-1
Max #bisyllables in tail = 10 (granularity = 10)
#bisyllables in middle = 0
#bisyllables in middle = 12
Candidate relator: x*y*x*y*x*y^
-1*x*y*x*y*x*y*x*y*x*y*x*y*x*y*x*y*x*y*x*y*x*y*x*y*x*y*x*y^-1*x*y^-1*x*y*x*y^
-1*x*y^-1*x*y^-1*x*y^-1*x*y^-1*x*y^-1
 #bisyllables = 25 (#bisyllables in tail = 10) #words tested: 1
ACEStats:
  index=9 cputime=0 ms maxcosets=509 totcosets=513
Large subgroup index OK
ACEStats for cyclic subgroup:
  index=0 cputime=1640 ms maxcosets=645658 totcosets=666664
Candidate relator: x*y*x*y*x*y^-1*x*y^
-1*x*y*x*y*x*y*x*y*x*y*x*y*x*y*x*y*x*y*x*y*x*y*x*y^-1*x*y*x*y^-1*x*y^
-1*x*y*x*y*x*y^-1*x*y*x*y^-1*x*y
 #bisyllables = 25 (#bisyllables in tail = 10) #words tested: 2
ACEStats:
  index=9 cputime=0 ms maxcosets=555 totcosets=557
Large subgroup index OK
ACEStats for cyclic subgroup:
  index=168 cputime=630 ms maxcosets=227917 totcosets=240311
Cyclic subgroup index OK
Success! ... new relator: 
   x*y*x*y*x*y^-1*x*y^-1*x*y*x*y*x*y*x*y*x*y*x*y*x*y*x*y*x*y*x*y*x*y*x*y^
-1*x*y*x*y^-1*x*y^-1*x*y*x*y*x*y^-1*x*y*x*y^-1*x*y
... continuing (there may be a shorter relator).
Candidate relator: x*y*x*y*x*y^-1*x*y^
-1*x*y*x*y*x*y*x*y*x*y*x*y*x*y*x*y*x*y*x*y*x*y*x*y^-1*x*y*x*y*x*y^-1*x*y*x*y^
-1*x*y*x*y*x*y^-1*x*y^-1
               [ ... 87 lines deleted ... ]
... continuing (there may be a shorter relator).
Candidate relator: x*y*x*y*x*y^-1*x*y^-1*x*y^-1*x*y*x*y*x*y^-1*x*y^-1*x*y*x*y^
-1*x*y^-1*x*y*x*y^-1*x*y
 #bisyllables = 15 (#bisyllables in tail = 0) #words tested: 1460
ACEStats:
  index=9 cputime=0 ms maxcosets=121 totcosets=133
Large subgroup index OK
ACEStats for cyclic subgroup:
  index=168 cputime=0 ms maxcosets=170 totcosets=226
Cyclic subgroup index OK
Success! ... new relator: 
   x*y*x*y*x*y^-1*x*y^-1*x*y^-1*x*y*x*y*x*y^-1*x*y^-1*x*y*x*y^-1*x*y^
-1*x*y*x*y^-1*x*y
Relator found is shortest possible.
rec( gens := [ x, y ], 
  rels := [ x^2, y^3, x*y*x*y*x*y^-1*x*y^-1*x*y^-1*x*y*x*y*x*y^-1*x*y^
        -1*x*y*x*y^-1*x*y^-1*x*y*x*y^-1*x*y ], 
  sgens := [ x, y*x*y*x*y*x^-1*y^-1 ] )
gap> newrels := [ x^2, y^3, x*y*x*y*x*y^(-1)*x*y^(-1)*x*y^(-1)*x*y*x*
> y*x*y^(-1)*x*y^(-1)*x*y*x*y^(-1)*x*y^(-1)*x*y*x*y^(-1)*x*y ];
[ x^2, y^3, x*y*x*y*x*y^-1*x*y^-1*x*y^-1*x*y*x*y*x*y^-1*x*y^-1*x*y*x*y^-1*x*y^
    -1*x*y*x*y^-1*x*y ]
gap> ge:=f/newrels;
<fp group on the generators [ x, y ]>
gap> Size(ge);
504
gap> ExponentSumWord(newrels[3],x);
15
gap> ExponentSumWord(newrels[3],y);
-1
gap> balancedrels := [x^2*y^3, newrels[3]*x^-16];
[ x^2*y^3, x*y*x*y*x*y^-1*x*y^-1*x*y^-1*x*y*x*y*x*y^-1*x*y^-1*x*y*x*y^-1*x*y^
    -1*x*y*x*y^-1*x*y*x^-16 ]
gap> gb := f/balancedrels;
<fp group on the generators [ x, y ]>
gap> Size(gb);
504
gap> quit;
